Group                  Internal  Switching    Leakage      Total
                          Power      Power      Power      Power (Watts)
----------------------------------------------------------------
Sequential             6.71e-03   3.04e-05   3.27e-04   7.07e-03  78.6%
Combinational          5.31e-04   6.93e-04   2.27e-04   1.45e-03  16.1%
Clock                  1.90e-04   2.74e-04   8.45e-06   4.72e-04   5.3%
Macro                  0.00e+00   0.00e+00   0.00e+00   0.00e+00   0.0%
Pad                    0.00e+00   0.00e+00   0.00e+00   0.00e+00   0.0%
----------------------------------------------------------------
Total                  7.43e-03   9.98e-04   5.62e-04   8.99e-03 100.0%
                          82.6%      11.1%       6.3%
Group                  Internal  Switching    Leakage      Total
                          Power      Power      Power      Power (Watts)
----------------------------------------------------------------
Sequential             1.46e-02   4.87e-05   1.28e-03   1.60e-02  76.4%
Combinational          1.50e-03   1.16e-03   1.42e-03   4.08e-03  19.5%
Clock                  3.45e-04   4.73e-04   2.59e-05   8.44e-04   4.0%
Macro                  0.00e+00   0.00e+00   0.00e+00   0.00e+00   0.0%
Pad                    0.00e+00   0.00e+00   0.00e+00   0.00e+00   0.0%
----------------------------------------------------------------
Total                  1.65e-02   1.68e-03   2.72e-03   2.09e-02 100.0%
                          78.9%       8.0%      13.0%
