violation type: Metal Spacing
	srcs: net:u_riscv_top/register_file/_10633_ net:u_riscv_top/register_file/_10636_
	bbox = (515.5550, 94.2500) - (515.6100, 94.3500) on Layer M1
violation type: Metal Spacing
	srcs: net:pwdata_gpio_p[31] net:u_gpio/_1439_
	bbox = (154.8500, 450.4500) - (154.9500, 450.5100) on Layer M2
violation type: Metal Spacing
	srcs: net:u_data_mem/bank1\[0\][8] net:u_data_mem/bank1\[6\][8]
	bbox = (243.0500, 540.8900) - (243.1500, 540.9500) on Layer M2
violation type: Metal Spacing
	srcs: net:A1_sim[1] net:u_riscv_top/register_file/_10130_
	bbox = (314.6500, 150.4900) - (314.7500, 150.5500) on Layer M2
violation type: Metal Spacing
	srcs: net:u_riscv_top/register_file/_09073_ net:u_riscv_top/register_file/_09074_
	bbox = (336.4500, 22.8500) - (336.5500, 22.9100) on Layer M2
violation type: Metal Spacing
	srcs: net:u_riscv_top/register_file/_08852_ net:u_riscv_top/register_file/_09073_
	bbox = (336.8500, 22.6500) - (336.9500, 22.7100) on Layer M2
violation type: Metal Spacing
	srcs: net:u_riscv_top/register_file/_09073_ net:u_riscv_top/register_file/_09074_
	bbox = (336.8500, 22.8900) - (336.9500, 22.9500) on Layer M2
violation type: Metal Spacing
	srcs: net:u_riscv_top/register_file/_07234_ net:u_riscv_top/register_file/_07453_
	bbox = (343.0500, 22.4900) - (343.1500, 22.5700) on Layer M2
violation type: Metal Spacing
	srcs: net:u_riscv_top/register_file/_09660_ net:u_riscv_top/register_file/regfile\[30\][22]
	bbox = (345.6500, 22.2500) - (345.7500, 22.3100) on Layer M2
violation type: Metal Spacing
	srcs: net:u_riscv_top/register_file/_08850_ net:u_riscv_top/register_file/regfile\[20\][1]
	bbox = (357.8500, 231.0500) - (357.9500, 231.1100) on Layer M2
violation type: Metal Spacing
	srcs: net:u_riscv_top/register_file/regfile\[18\][20] net:VSS
	bbox = (369.2500, 251.8900) - (369.3500, 251.9000) on Layer M2
violation type: Metal Spacing
	srcs: net:u_riscv_top/register_file/_07227_ net:u_riscv_top/register_file/_09140_
	bbox = (371.2500, 251.0500) - (371.3500, 251.1100) on Layer M2
violation type: Metal Spacing
	srcs: net:u_riscv_top/register_file/_07227_ net:u_riscv_top/register_file/_09137_
	bbox = (371.4500, 251.2900) - (371.5500, 251.3500) on Layer M2
violation type: Metal Spacing
	srcs: net:u_riscv_top/register_file/_07227_ net:u_riscv_top/register_file/_09140_
	bbox = (371.6500, 250.8500) - (371.7500, 250.9100) on Layer M2
violation type: Metal Spacing
	srcs: net:mem_addr[0] net:u_data_mem/_35549_
	bbox = (375.2500, 521.0900) - (375.3500, 521.1500) on Layer M2
violation type: Metal Spacing
	srcs: net:u_riscv_top/register_file/_09660_ net:u_riscv_top/register_file/_09907_
	bbox = (411.8500, 47.8900) - (411.9500, 47.9500) on Layer M2
violation type: Metal Spacing
	srcs: net:u_riscv_top/register_file/regfile\[20\][11] net:VSS
	bbox = (422.8500, 86.2900) - (422.9500, 86.3000) on Layer M2
violation type: Metal Spacing
	srcs: net:u_data_mem/_39054_ net:u_data_mem/_39056_
	bbox = (441.0500, 908.0500) - (441.0500, 908.1100) on Layer M2
violation type: Metal Spacing
	srcs: net:u_data_mem/_39054_ net:u_data_mem/_39056_
	bbox = (441.0500, 908.0900) - (441.0500, 908.1100) on Layer M2
violation type: Metal Spacing
	srcs: net:u_riscv_top/register_file/_06450_ net:u_riscv_top/register_file/_10500_
	bbox = (441.6500, 101.4900) - (441.7500, 101.5500) on Layer M2
violation type: Metal Spacing
	srcs: net:u_riscv_top/register_file/_06450_ net:u_riscv_top/register_file/net2451
	bbox = (442.2500, 101.2900) - (442.3500, 101.3500) on Layer M2
violation type: Metal Spacing
	srcs: net:u_riscv_top/register_file/_09760_ net:VDD
	bbox = (447.4500, 131.5000) - (447.5500, 131.5700) on Layer M2
violation type: Metal Spacing
	srcs: net:u_data_mem/_37364_ net:VDD
	bbox = (454.2500, 804.4300) - (454.3500, 804.5000) on Layer M2
violation type: Metal Spacing
	srcs: net:u_riscv_top/register_file/_07236_ net:u_riscv_top/register_file/_07868_
	bbox = (460.4500, 117.4900) - (460.5500, 117.5500) on Layer M2
violation type: Metal Spacing
	srcs: net:u_riscv_top/register_file/_07213_ net:VSS
	bbox = (460.8500, 118.6300) - (460.9500, 118.7000) on Layer M2
violation type: Metal Spacing
	srcs: net:u_riscv_top/register_file/_08049_ net:u_riscv_top/register_file/_08099_
	bbox = (478.8500, 38.2500) - (478.9500, 38.3100) on Layer M2
violation type: Metal Spacing
	srcs: net:A2_sim[1] net:VSS
	bbox = (480.8500, 36.1000) - (480.9500, 36.1700) on Layer M2
violation type: Metal Spacing
	srcs: net:u_riscv_top/register_file/_08049_ net:u_riscv_top/register_file/regfile\[10\][31]
	bbox = (484.2500, 97.6500) - (484.3500, 97.7100) on Layer M2
violation type: Metal Spacing
	srcs: net:u_riscv_top/register_file/_07213_ net:u_riscv_top/register_file/_07842_
	bbox = (495.4500, 249.6900) - (495.5500, 249.7500) on Layer M2
violation type: Metal Spacing
	srcs: net:u_riscv_top/register_file/regfile\[6\][31] net:VSS
	bbox = (497.4500, 97.0900) - (497.5500, 97.1000) on Layer M2
violation type: Metal Spacing
	srcs: net:A1_sim[2] net:u_riscv_top/register_file/regfile\[3\][2]
	bbox = (497.8500, 69.2900) - (497.9500, 69.3500) on Layer M2
violation type: Metal Spacing
	srcs: net:u_riscv_top/register_file/regfile\[6\][31] net:VSS
	bbox = (501.4500, 97.0900) - (501.5500, 97.1000) on Layer M2
violation type: Metal Spacing
	srcs: net:u_riscv_top/register_file/regfile\[16\][7] net:VSS
	bbox = (503.0500, 241.3000) - (503.1500, 241.3100) on Layer M2
violation type: Metal Spacing
	srcs: net:u_riscv_top/register_file/_10294_ net:u_riscv_top/register_file/_10296_
	bbox = (504.2500, 250.6500) - (504.3500, 250.7100) on Layer M2
violation type: Metal Spacing
	srcs: net:u_riscv_top/register_file/regfile\[30\][31] net:VSS
	bbox = (515.2500, 93.7000) - (515.3500, 93.7700) on Layer M2
violation type: Metal Spacing
	srcs: net:u_riscv_top/register_file/_10633_ net:u_riscv_top/register_file/regfile\[30\][31]
	bbox = (515.2500, 94.2900) - (515.3500, 94.3100) on Layer M2
violation type: Metal Spacing
	srcs: net:u_riscv_top/register_file/_07231_ net:u_riscv_top/register_file/_10633_
	bbox = (515.8500, 94.8900) - (515.9500, 94.9500) on Layer M2
violation type: Metal Spacing
	srcs: net:VSS net:u_riscv_top/register_file/net2384
	bbox = (519.2500, 241.0900) - (519.3500, 241.1000) on Layer M2
violation type: Metal Spacing
	srcs: net:u_data_mem/_35546_ net:u_data_mem/_35549_
	bbox = (524.8500, 918.8500) - (524.9500, 918.9100) on Layer M2
violation type: Metal Spacing
	srcs: net:u_riscv_top/register_file/_07224_ net:u_riscv_top/register_file/_08697_
	bbox = (524.9500, 37.0900) - (525.0500, 37.1500) on Layer M2
violation type: Metal Spacing
	srcs: net:u_riscv_top/register_file/_07224_ net:u_riscv_top/register_file/_08693_
	bbox = (525.0500, 36.6900) - (525.0500, 36.7500) on Layer M2
violation type: Metal Spacing
	srcs: net:u_riscv_top/register_file/_07224_ net:u_riscv_top/register_file/_08693_
	bbox = (525.0500, 36.6900) - (525.1500, 36.7500) on Layer M2
violation type: Metal Spacing
	srcs: net:u_data_mem/bank2\[58\][29] net:VSS
	bbox = (525.4500, 730.6900) - (525.5500, 730.7000) on Layer M2
violation type: Metal Spacing
	srcs: net:u_riscv_top/mux3/_0705_
	bbox = (708.0500, 413.4500) - (708.1500, 413.5100) on Layer M2
violation type: Metal Spacing
	srcs: net:u_riscv_top/mux3/_0705_
	bbox = (708.0500, 413.4500) - (708.2500, 413.5100) on Layer M2
violation type: Metal Spacing
	srcs: net:u_riscv_top/register_file/_10520_ net:u_riscv_top/register_file/net2451
	bbox = (440.9900, 101.7500) - (441.0100, 101.8500) on Layer M3
violation type: Metal Spacing
	srcs: net:u_riscv_top/register_file/_10520_ net:u_riscv_top/register_file/net2451
	bbox = (440.9900, 101.7500) - (441.0500, 101.8500) on Layer M3
violation type: Metal Spacing
	srcs: net:u_data_mem/_39718_ net:u_data_mem/bank3\[3\][6]
	bbox = (441.1900, 803.9500) - (441.2100, 804.0500) on Layer M3
violation type: Metal Spacing
	srcs: net:u_data_mem/_39718_ net:u_data_mem/bank3\[3\][6]
	bbox = (441.1900, 803.9500) - (441.2500, 804.0500) on Layer M3
violation type: Metal Spacing
	srcs: net:u_riscv_top/register_file/_07213_ net:u_riscv_top/register_file/_07214_
	bbox = (461.5500, 118.1500) - (461.6100, 118.2500) on Layer M3
violation type: Metal Spacing
	srcs: net:u_riscv_top/register_file/_07236_ net:u_riscv_top/register_file/_07868_
	bbox = (462.1900, 118.1500) - (462.2500, 118.2500) on Layer M3
violation type: Metal Spacing
	srcs: net:u_riscv_top/register_file/regfile\[18\][7] net:u_riscv_top/register_file/regfile\[22\][7]
	bbox = (496.0200, 248.7500) - (496.0500, 248.8500) on Layer M3
violation type: Metal Spacing
	srcs: net:pwdata_gpio_p[14] net:u_gpio/_1557_
	bbox = (147.8500, 461.6500) - (147.9500, 461.7100) on Layer M4
violation type: Metal Spacing
	srcs: net:u_riscv_top/register_file/_06190_ net:u_riscv_top/register_file/_10276_
	bbox = (484.4500, 258.6500) - (484.5500, 258.7100) on Layer M4
violation type: Cut Spacing
	srcs: net:pwdata_gpio_p[12] net:u_gpio/_1432_
	bbox = (129.9500, 488.6500) - (130.0500, 488.6500) on Layer VIA1
violation type: Cut Spacing
	srcs: net:mem_addr[0] net:u_data_mem/_35544_
	bbox = (210.5500, 846.8500) - (210.6500, 846.9500) on Layer VIA1
violation type: Cut Spacing
	srcs: net:u_riscv_top/register_file/_07231_ net:u_riscv_top/register_file/_09884_
	bbox = (344.5500, 22.1500) - (344.6500, 22.2500) on Layer VIA1
violation type: Cut Spacing
	srcs: net:u_riscv_top/register_file/_08852_ net:u_riscv_top/register_file/_09136_
	bbox = (372.3500, 250.9500) - (372.4500, 251.0500) on Layer VIA1
violation type: Cut Spacing
	srcs: net:mem_addr[0] net:u_data_mem/_35549_
	bbox = (375.3500, 520.9500) - (375.4500, 521.0500) on Layer VIA1
violation type: Cut Spacing
	srcs: net:u_riscv_top/register_file/_07234_ net:u_riscv_top/register_file/_07236_
	bbox = (377.3500, 168.2500) - (377.4500, 168.2500) on Layer VIA1
violation type: Cut Spacing
	srcs: net:u_riscv_top/register_file/_09662_ net:u_riscv_top/register_file/_09840_
	bbox = (398.9500, 148.5500) - (399.0500, 148.6500) on Layer VIA1
violation type: Cut Spacing
	srcs: net:u_riscv_top/register_file/_09763_ net:u_riscv_top/register_file/_09765_
	bbox = (446.7500, 110.6500) - (446.8500, 110.6500) on Layer VIA1
violation type: Cut Spacing
	srcs: net:u_riscv_top/register_file/regfile\[10\][6] net:u_riscv_top/register_file/regfile\[14\][6]
	bbox = (462.1500, 117.7500) - (462.2500, 117.8500) on Layer VIA1
violation type: Cut Spacing
	srcs: net:u_riscv_top/register_file/_07234_ net:u_riscv_top/register_file/_07236_
	bbox = (495.9500, 249.3500) - (496.0500, 249.4500) on Layer VIA1
violation type: Cut Spacing
	srcs: net:u_riscv_top/register_file/regfile\[18\][7] net:u_riscv_top/register_file/regfile\[22\][7]
	bbox = (496.7500, 249.1500) - (496.8500, 249.2500) on Layer VIA1
violation type: Cut Spacing
	srcs: net:u_riscv_top/register_file/_09660_ net:u_riscv_top/register_file/_09662_
	bbox = (503.9500, 252.9500) - (504.0500, 252.9500) on Layer VIA1
violation type: Cut Spacing
	srcs: net:AluResultSrc[1] net:u_riscv_top/mux8_1/_605_
	bbox = (513.7500, 281.5500) - (513.8500, 281.6500) on Layer VIA1
violation type: Cut Spacing
	srcs: net:u_riscv_top/mult_result_core[20] net:u_riscv_top/mux8_1/_605_
	bbox = (513.9500, 281.5500) - (514.0500, 281.6500) on Layer VIA1
violation type: Cut Spacing
	srcs: net:rst net:u_riscv_top/pipeline_register3/_210_
	bbox = (564.5500, 495.8500) - (564.6500, 495.9500) on Layer VIA1
violation type: Cut Spacing
	srcs: net:rst net:u_riscv_top/CSR_Register/_1536_
	bbox = (572.3500, 501.2500) - (572.4500, 501.2500) on Layer VIA1
violation type: Short
	srcs: net:u_gpio/_1270_ net:u_gpio/fall_en_q[18]
	bbox = (125.0500, 503.1500) - (125.1500, 503.2500) on Layer M2
violation type: Short
	srcs: net:A1_sim[1] net:u_riscv_top/register_file/_10130_
	bbox = (314.4500, 150.1100) - (314.5500, 150.2900) on Layer M2
violation type: Short
	srcs: net:A1_sim[1] net:u_riscv_top/register_file/_10130_
	bbox = (314.4500, 150.1500) - (314.5500, 150.2500) on Layer M2
violation type: Short
	srcs: net:u_data_mem/_38469_ net:u_data_mem/bank1\[54\][14]
	bbox = (315.0500, 758.8500) - (315.1500, 758.9500) on Layer M2
violation type: Short
	srcs: net:u_data_mem/_38467_ net:u_data_mem/bank1\[53\][14]
	bbox = (322.6500, 758.8500) - (322.7500, 758.9500) on Layer M2
violation type: Short
	srcs: net:u_riscv_top/register_file/_08852_ net:u_riscv_top/register_file/_09073_
	bbox = (336.2500, 22.7500) - (336.3500, 22.8500) on Layer M2
violation type: Short
	srcs: net:mem_addr[0] net:u_data_mem/bank1\[52\][16]
	bbox = (340.0500, 803.3700) - (340.1500, 803.4500) on Layer M2
violation type: Short
	srcs: net:u_riscv_top/register_file/_09662_ net:u_riscv_top/register_file/_09884_
	bbox = (344.6500, 22.1500) - (344.7500, 22.2500) on Layer M2
violation type: Short
	srcs: net:u_riscv_top/register_file/_09662_ net:u_riscv_top/register_file/_09884_
	bbox = (344.6500, 22.1500) - (344.7500, 22.2900) on Layer M2
violation type: Short
	srcs: net:u_data_mem/_18294_ net:u_data_mem/_41199_
	bbox = (356.8500, 807.3500) - (356.9500, 807.4500) on Layer M2
violation type: Short
	srcs: net:u_data_mem/_18294_ net:u_data_mem/_41199_
	bbox = (356.8500, 807.3500) - (357.1500, 807.4500) on Layer M2
violation type: Short
	srcs: net:u_riscv_top/register_file/_09610_ net:u_riscv_top/register_file/regfile\[20\][1]
	bbox = (357.0500, 231.3100) - (357.1500, 231.4500) on Layer M2
violation type: Short
	srcs: net:u_riscv_top/register_file/_09610_ net:u_riscv_top/register_file/regfile\[20\][1]
	bbox = (357.0500, 231.3500) - (357.1500, 231.4500) on Layer M2
violation type: Short
	srcs: net:u_data_mem/_18294_ net:u_data_mem/_41199_
	bbox = (357.0500, 807.3500) - (357.1500, 807.4500) on Layer M2
violation type: Short
	srcs: net:u_riscv_top/register_file/_08850_ net:u_riscv_top/register_file/regfile\[20\][1]
	bbox = (357.4500, 231.1500) - (357.5500, 231.2500) on Layer M2
violation type: Short
	srcs: net:u_data_mem/_35542_ net:u_data_mem/_36141_
	bbox = (360.8500, 799.9100) - (360.9500, 800.0300) on Layer M2
violation type: Short
	srcs: net:u_riscv_top/register_file/_07227_ net:u_riscv_top/register_file/_09137_
	bbox = (371.2500, 251.3500) - (371.3500, 251.4500) on Layer M2
violation type: Short
	srcs: net:u_riscv_top/register_file/_07227_ net:u_riscv_top/register_file/_09140_
	bbox = (371.4500, 250.9500) - (371.5500, 251.0500) on Layer M2
violation type: Short
	srcs: net:u_riscv_top/register_file/_09137_ net:u_riscv_top/register_file/regfile\[16\][20]
	bbox = (371.8500, 251.3500) - (371.9500, 251.4500) on Layer M2
violation type: Short
	srcs: net:u_riscv_top/FP_Adder/_1918_ net:u_riscv_top/FP_Adder/sum_reg[17]
	bbox = (400.2500, 431.5500) - (400.3500, 431.6500) on Layer M2
violation type: Short
	srcs: net:u_riscv_top/register_file/_08135_ net:u_riscv_top/register_file/regfile\[24\][27]
	bbox = (440.8500, 141.3100) - (440.9500, 141.4900) on Layer M2
violation type: Short
	srcs: net:u_riscv_top/register_file/_08135_ net:u_riscv_top/register_file/regfile\[24\][27]
	bbox = (440.8500, 141.3500) - (440.9500, 141.4500) on Layer M2
violation type: Short
	srcs: net:u_riscv_top/register_file/_06450_ net:u_riscv_top/register_file/net2451
	bbox = (441.6500, 101.1500) - (441.7500, 101.2500) on Layer M2
violation type: Short
	srcs: net:u_riscv_top/register_file/_06450_ net:u_riscv_top/register_file/net2451
	bbox = (441.6500, 101.1500) - (441.9500, 101.2500) on Layer M2
violation type: Short
	srcs: net:u_riscv_top/register_file/_06450_ net:u_riscv_top/register_file/net2451
	bbox = (441.8500, 101.1500) - (441.9500, 101.2500) on Layer M2
violation type: Short
	srcs: net:u_riscv_top/register_file/_07236_ net:u_riscv_top/register_file/_07868_
	bbox = (461.0500, 117.5500) - (461.1500, 117.6500) on Layer M2
violation type: Short
	srcs: net:u_riscv_top/register_file/_07236_ net:u_riscv_top/register_file/_07868_
	bbox = (461.0500, 117.5500) - (461.1500, 117.6900) on Layer M2
violation type: Short
	srcs: net:u_riscv_top/register_file/_06202_ net:u_riscv_top/register_file/_07869_
	bbox = (462.8500, 119.5500) - (462.9500, 119.6500) on Layer M2
violation type: Short
	srcs: net:A2_sim[1] net:u_riscv_top/register_file/_08717_
	bbox = (480.8500, 36.3500) - (480.9500, 36.4500) on Layer M2
violation type: Short
	srcs: net:u_riscv_top/register_file/_06656_ net:VSS
	bbox = (488.4500, 237.5000) - (488.5500, 237.6300) on Layer M2
violation type: Short
	srcs: net:u_riscv_top/register_file/_07213_ net:u_riscv_top/register_file/regfile\[18\][7]
	bbox = (495.4500, 249.1100) - (495.5500, 249.2500) on Layer M2
violation type: Short
	srcs: net:u_riscv_top/register_file/_07213_ net:u_riscv_top/register_file/regfile\[18\][7]
	bbox = (495.4500, 249.1500) - (495.5500, 249.2500) on Layer M2
violation type: Short
	srcs: net:u_riscv_top/register_file/_08852_ net:u_riscv_top/register_file/_09471_
	bbox = (499.8500, 242.1500) - (499.9500, 242.2500) on Layer M2
violation type: Short
	srcs: net:u_riscv_top/register_file/_09472_ net:u_riscv_top/register_file/_09474_
	bbox = (501.4500, 241.7500) - (501.5500, 241.8500) on Layer M2
violation type: Short
	srcs: net:u_riscv_top/register_file/_10293_ net:u_riscv_top/register_file/_10298_
	bbox = (504.6500, 251.1700) - (504.7500, 251.2500) on Layer M2
violation type: Short
	srcs: net:u_riscv_top/register_file/_10293_ net:u_riscv_top/register_file/_10298_
	bbox = (504.6500, 251.1700) - (504.7500, 251.2900) on Layer M2
violation type: Short
	srcs: net:u_riscv_top/register_file/_10633_ net:u_riscv_top/register_file/_10634_
	bbox = (516.6500, 94.3100) - (516.7500, 94.4100) on Layer M2
violation type: Short
	srcs: net:u_riscv_top/h2[25] net:u_riscv_top/mux3/_0698_
	bbox = (566.0500, 432.7500) - (566.1500, 432.8500) on Layer M2
violation type: Short
	srcs: net:u_riscv_top/CSR_Register/_0730_ net:u_riscv_top/CSR_Register/_1536_
	bbox = (572.2500, 500.7700) - (572.3500, 500.8500) on Layer M2
violation type: Short
	srcs: net:u_riscv_top/ALU/alu/_2291_ net:u_riscv_top/ALU/alu/_2663_
	bbox = (624.0500, 406.3500) - (624.1500, 406.4500) on Layer M2
violation type: Short
	srcs: net:u_riscv_top/ALU/alu/_2291_ net:u_riscv_top/ALU/alu/_2663_
	bbox = (624.0500, 406.3500) - (624.3500, 406.4500) on Layer M2
violation type: Short
	srcs: net:u_riscv_top/ALU/alu/_2291_ net:u_riscv_top/ALU/alu/_2663_
	bbox = (624.2500, 406.3500) - (624.3500, 406.4500) on Layer M2
violation type: Short
	srcs: net:u_riscv_top/ALU/alu/_2260_ net:u_riscv_top/ALU/alu/_2732_
	bbox = (651.4500, 414.3500) - (651.5500, 414.4500) on Layer M2
violation type: Short
	srcs: net:paddr_sim[21] net:wb_data_sim[26]
	bbox = (111.2500, 502.1500) - (111.3500, 502.2500) on Layer M3
violation type: Short
	srcs: net:net405 net:net457
	bbox = (119.9500, 487.9500) - (120.0500, 488.0500) on Layer M3
violation type: Short
	srcs: net:u_data_mem/_41068_ net:net1279
	bbox = (231.8500, 530.1500) - (231.9500, 530.2500) on Layer M3
violation type: Short
	srcs: net:u_riscv_top/register_file/_07236_ net:u_riscv_top/register_file/regfile\[8\][0]
	bbox = (313.0500, 162.3500) - (313.1500, 162.4500) on Layer M3
violation type: Short
	srcs: net:mem_wdata[14] net:u_data_mem/_35545_
	bbox = (321.0500, 757.9500) - (321.1500, 758.0500) on Layer M3
violation type: Short
	srcs: net:mem_wdata[14] net:u_data_mem/_41239_
	bbox = (334.2500, 757.9500) - (334.3500, 758.0500) on Layer M3
violation type: Short
	srcs: net:mem_addr[0] net:u_data_mem/_18352_
	bbox = (339.6700, 803.7500) - (340.1900, 803.8500) on Layer M3
violation type: Short
	srcs: net:mem_addr[1] net:u_data_mem/_18352_
	bbox = (341.9500, 803.3500) - (341.9900, 803.4500) on Layer M3
violation type: Short
	srcs: net:u_riscv_top/register_file/_07213_ net:u_riscv_top/register_file/regfile\[30\][22]
	bbox = (342.2100, 22.7500) - (342.7300, 22.8500) on Layer M3
violation type: Short
	srcs: net:RD2_sim[22] net:u_riscv_top/register_file/_07236_
	bbox = (342.6500, 21.5500) - (342.7500, 21.6500) on Layer M3
violation type: Short
	srcs: net:rst net:u_data_mem/_41199_
	bbox = (342.6500, 808.7500) - (342.7500, 808.8500) on Layer M3
violation type: Short
	srcs: net:u_riscv_top/register_file/_07453_ net:u_riscv_top/register_file/regfile\[30\][22]
	bbox = (343.4100, 22.9500) - (343.5300, 23.0500) on Layer M3
violation type: Short
	srcs: net:u_riscv_top/register_file/_07453_ net:u_riscv_top/register_file/regfile\[30\][22]
	bbox = (343.4500, 22.9500) - (343.5300, 23.0500) on Layer M3
violation type: Short
	srcs: net:u_data_mem/_40938_ net:u_data_mem/_41199_
	bbox = (362.9500, 807.3500) - (363.0500, 807.4500) on Layer M3
violation type: Short
	srcs: net:u_data_mem/_18294_ net:u_data_mem/_35549_
	bbox = (362.9500, 808.3500) - (363.0500, 808.4500) on Layer M3
violation type: Short
	srcs: net:u_riscv_top/register_file/_06464_ net:u_riscv_top/register_file/regfile\[16\][13]
	bbox = (364.6500, 169.3500) - (364.7500, 169.4500) on Layer M3
violation type: Short
	srcs: net:A2_sim[3] net:u_riscv_top/register_file/_07522_
	bbox = (377.0500, 244.3500) - (377.1500, 244.4500) on Layer M3
violation type: Short
	srcs: net:u_riscv_top/register_file/_07236_ net:u_riscv_top/register_file/_10490_
	bbox = (404.9500, 56.1500) - (405.0500, 56.2500) on Layer M3
violation type: Short
	srcs: net:u_riscv_top/h1[21] net:u_riscv_top/h1[27]
	bbox = (406.4500, 420.7500) - (406.5500, 420.8500) on Layer M3
violation type: Short
	srcs: net:riscv_addr[5] net:u_riscv_top/FP_Adder/_1465_
	bbox = (416.0500, 425.3500) - (416.1500, 425.4500) on Layer M3
violation type: Short
	srcs: net:u_riscv_top/FP_Adder/_1465_ net:u_riscv_top/FP_Adder/_1466_
	bbox = (416.0500, 425.5500) - (416.1500, 425.6500) on Layer M3
violation type: Short
	srcs: net:u_riscv_top/h2[28] net:net1317
	bbox = (416.8500, 424.5500) - (416.9500, 424.6500) on Layer M3
violation type: Short
	srcs: net:A2_sim[1] net:u_riscv_top/register_file/_08852_
	bbox = (417.4500, 52.7500) - (417.5500, 52.8500) on Layer M3
violation type: Short
	srcs: net:u_data_mem/_18140_ net:u_data_mem/_41092_
	bbox = (419.8500, 924.9500) - (419.9500, 925.0500) on Layer M3
violation type: Short
	srcs: net:u_riscv_top/register_file/_07222_ net:u_riscv_top/register_file/_07225_
	bbox = (420.6500, 88.5500) - (420.7500, 88.6500) on Layer M3
violation type: Short
	srcs: net:RD1_sim[11] net:u_riscv_top/register_file/_10505_
	bbox = (421.0500, 93.3500) - (421.1500, 93.4500) on Layer M3
violation type: Short
	srcs: net:u_riscv_top/register_file/_06311_ net:u_riscv_top/register_file/_10520_
	bbox = (423.8500, 100.5500) - (423.9500, 100.6500) on Layer M3
violation type: Short
	srcs: net:u_riscv_top/register_file/_07236_ net:u_riscv_top/register_file/_08135_
	bbox = (440.8100, 141.3500) - (440.9900, 141.4500) on Layer M3
violation type: Short
	srcs: net:u_riscv_top/register_file/_07236_ net:u_riscv_top/register_file/_08135_
	bbox = (440.8500, 141.3500) - (440.9500, 141.4500) on Layer M3
violation type: Short
	srcs: net:u_riscv_top/register_file/_07236_ net:u_riscv_top/register_file/_08135_
	bbox = (440.9495, 141.3500) - (440.9505, 141.6500) on Layer M3
violation type: Short
	srcs: net:u_riscv_top/register_file/_07236_ net:u_riscv_top/register_file/_08135_
	bbox = (440.9495, 141.5500) - (440.9505, 141.6500) on Layer M3
violation type: Short
	srcs: net:u_riscv_top/register_file/_07236_ net:u_riscv_top/register_file/_08135_
	bbox = (440.9500, 141.3500) - (440.9900, 141.4500) on Layer M3
violation type: Short
	srcs: net:u_riscv_top/register_file/_07236_ net:u_riscv_top/register_file/_08135_
	bbox = (440.9500, 141.5500) - (441.0500, 141.6500) on Layer M3
violation type: Short
	srcs: net:u_riscv_top/register_file/_07236_ net:u_riscv_top/register_file/_08135_
	bbox = (440.9500, 141.5500) - (441.3300, 141.6500) on Layer M3
violation type: Short
	srcs: net:u_data_mem/_36867_ net:u_data_mem/_41016_
	bbox = (441.0500, 799.5500) - (441.1500, 799.6500) on Layer M3
violation type: Short
	srcs: net:u_riscv_top/register_file/_07236_ net:u_riscv_top/register_file/_07868_
	bbox = (460.4500, 117.5500) - (460.5300, 117.6500) on Layer M3
violation type: Short
	srcs: net:u_riscv_top/register_file/_07236_ net:u_riscv_top/register_file/_07868_
	bbox = (461.2100, 117.7500) - (461.3500, 117.8500) on Layer M3
violation type: Short
	srcs: net:u_riscv_top/register_file/_07236_ net:u_riscv_top/register_file/_07868_
	bbox = (461.2500, 117.7500) - (461.3500, 117.8500) on Layer M3
violation type: Short
	srcs: net:u_riscv_top/register_file/_07213_ net:clknet_8_7_0_clk
	bbox = (461.9100, 118.1500) - (462.0500, 118.2500) on Layer M3
violation type: Short
	srcs: net:A3_sim[2] net:u_riscv_top/register_file/_06193_
	bbox = (461.9500, 117.1500) - (462.0500, 117.2500) on Layer M3
violation type: Short
	srcs: net:u_riscv_top/register_file/_07213_ net:clknet_8_7_0_clk
	bbox = (461.9500, 118.1500) - (462.0500, 118.2500) on Layer M3
violation type: Short
	srcs: net:u_riscv_top/register_file/_07213_ net:u_riscv_top/register_file/_07214_
	bbox = (461.9500, 118.3500) - (462.0500, 118.4500) on Layer M3
violation type: Short
	srcs: net:u_riscv_top/register_file/_07213_ net:u_riscv_top/register_file/_07214_
	bbox = (461.9500, 118.3500) - (462.1500, 118.4500) on Layer M3
violation type: Short
	srcs: net:u_riscv_top/register_file/_07221_ net:u_riscv_top/register_file/_07245_
	bbox = (461.9500, 118.7500) - (462.0500, 118.8500) on Layer M3
violation type: Short
	srcs: net:u_riscv_top/register_file/_07221_ net:u_riscv_top/register_file/_07245_
	bbox = (461.9500, 118.7500) - (462.0500, 119.0500) on Layer M3
violation type: Short
	srcs: net:u_riscv_top/register_file/_07221_ net:u_riscv_top/register_file/_07245_
	bbox = (461.9500, 118.9500) - (462.0500, 119.0500) on Layer M3
violation type: Short
	srcs: net:u_riscv_top/register_file/_07868_ net:clknet_8_7_0_clk
	bbox = (462.0100, 118.1500) - (462.0500, 118.2500) on Layer M3
violation type: Short
	srcs: net:u_riscv_top/register_file/_07213_ net:u_riscv_top/register_file/_07868_
	bbox = (462.0100, 118.1500) - (462.0500, 118.2500) on Layer M3
violation type: Short
	srcs: net:u_riscv_top/register_file/_07868_ net:clknet_8_7_0_clk
	bbox = (462.0100, 118.1500) - (462.0900, 118.2500) on Layer M3
violation type: Short
	srcs: net:u_riscv_top/register_file/_07868_ net:clknet_8_7_0_clk
	bbox = (462.0495, 117.9500) - (462.0505, 118.2500) on Layer M3
violation type: Short
	srcs: net:u_riscv_top/register_file/_07213_ net:u_riscv_top/register_file/_07868_
	bbox = (462.0495, 118.1500) - (462.0505, 118.2500) on Layer M3
violation type: Short
	srcs: net:u_riscv_top/register_file/_07213_ net:u_riscv_top/register_file/_07221_
	bbox = (462.0495, 118.5500) - (462.0505, 118.6500) on Layer M3
violation type: Short
	srcs: net:u_riscv_top/register_file/_07236_ net:u_riscv_top/register_file/_07868_
	bbox = (462.0500, 117.7500) - (462.1500, 117.8500) on Layer M3
violation type: Short
	srcs: net:u_riscv_top/register_file/_07868_ net:clknet_8_7_0_clk
	bbox = (462.0500, 117.9500) - (462.1500, 118.0500) on Layer M3
violation type: Short
	srcs: net:u_riscv_top/register_file/_07868_ net:clknet_8_7_0_clk
	bbox = (462.0500, 118.1500) - (462.0900, 118.2500) on Layer M3
violation type: Short
	srcs: net:u_riscv_top/register_file/_07213_ net:u_riscv_top/register_file/_07214_
	bbox = (462.0500, 118.3500) - (462.1500, 118.4500) on Layer M3
violation type: Short
	srcs: net:u_riscv_top/register_file/_07868_ net:u_riscv_top/register_file/_09778_
	bbox = (462.0500, 120.3500) - (462.1500, 120.4500) on Layer M3
violation type: Short
	srcs: net:u_riscv_top/register_file/_07236_ net:clknet_8_7_0_clk
	bbox = (462.2500, 117.9500) - (462.3500, 118.0500) on Layer M3
violation type: Short
	srcs: net:A3_sim[2] net:u_riscv_top/register_file/regfile\[14\][6]
	bbox = (462.4100, 117.3500) - (462.9300, 117.4500) on Layer M3
violation type: Short
	srcs: net:u_riscv_top/register_file/_08901_ net:u_riscv_top/register_file/regfile\[8\][29]
	bbox = (480.6500, 37.9500) - (480.7500, 38.0500) on Layer M3
violation type: Short
	srcs: net:A5_sim[4] net:u_riscv_top/register_file/_06204_
	bbox = (489.2500, 104.3500) - (489.3500, 104.4500) on Layer M3
violation type: Short
	srcs: net:u_riscv_top/register_file/_06208_ net:u_riscv_top/register_file/_10515_
	bbox = (489.2500, 236.3500) - (489.3500, 236.4500) on Layer M3
violation type: Short
	srcs: net:u_riscv_top/register_file/_10504_ net:u_riscv_top/register_file/_10609_
	bbox = (489.4500, 98.3500) - (489.5500, 98.4500) on Layer M3
violation type: Short
	srcs: net:RD1_sim[18] net:u_riscv_top/register_file/regfile\[26\][7]
	bbox = (489.4500, 255.5500) - (489.5500, 255.6500) on Layer M3
violation type: Short
	srcs: net:u_riscv_top/mux8_1/_623_ net:u_riscv_top/register_file/regfile\[26\][7]
	bbox = (491.0500, 255.3500) - (491.1500, 255.4500) on Layer M3
violation type: Short
	srcs: net:u_riscv_top/register_file/_09660_ net:u_riscv_top/register_file/regfile\[26\][7]
	bbox = (492.4100, 254.7500) - (492.5900, 254.8500) on Layer M3
violation type: Short
	srcs: net:u_riscv_top/register_file/_09660_ net:u_riscv_top/register_file/regfile\[26\][7]
	bbox = (492.4500, 254.7500) - (492.5500, 254.8500) on Layer M3
violation type: Short
	srcs: net:u_riscv_top/register_file/_09270_ net:u_riscv_top/register_file/regfile\[26\][7]
	bbox = (492.4500, 254.9500) - (492.5500, 255.0500) on Layer M3
violation type: Short
	srcs: net:A2_sim[0] net:u_riscv_top/register_file/_08850_
	bbox = (501.0500, 267.7500) - (501.1500, 267.8500) on Layer M3
violation type: Short
	srcs: net:u_riscv_top/register_file/_08655_ net:u_riscv_top/register_file/_09472_
	bbox = (501.4100, 241.5500) - (501.5900, 241.6500) on Layer M3
violation type: Short
	srcs: net:u_riscv_top/register_file/_08655_ net:u_riscv_top/register_file/_09472_
	bbox = (501.4500, 241.5500) - (501.5500, 241.6500) on Layer M3
violation type: Short
	srcs: net:A1_sim[3] net:u_riscv_top/register_file/_10088_
	bbox = (503.6500, 251.9500) - (503.7500, 252.0500) on Layer M3
violation type: Short
	srcs: net:u_riscv_top/register_file/_10296_ net:u_riscv_top/register_file/net2372
	bbox = (509.6500, 251.1500) - (509.7500, 251.2500) on Layer M3
violation type: Short
	srcs: net:A2_sim[4] net:u_riscv_top/register_file/net2372
	bbox = (509.6500, 251.3500) - (509.7500, 251.4500) on Layer M3
violation type: Short
	srcs: net:u_riscv_top/register_file/_07222_ net:u_riscv_top/register_file/_08049_
	bbox = (525.4500, 37.1500) - (525.5500, 37.2500) on Layer M3
violation type: Short
	srcs: net:u_data_mem/_18260_ net:u_data_mem/_36729_
	bbox = (530.9500, 730.9500) - (531.0500, 731.0500) on Layer M3
violation type: Short
	srcs: net:u_data_mem/_35532_ net:u_data_mem/_41015_
	bbox = (531.0500, 714.5500) - (531.1500, 714.6500) on Layer M3
violation type: Short
	srcs: net:mem_addr[0] net:u_data_mem/_35538_
	bbox = (535.8500, 716.1500) - (535.9500, 716.2500) on Layer M3
violation type: Short
	srcs: net:u_riscv_top/h1[15] net:u_riscv_top/PC_inst/net2396
	bbox = (551.0500, 438.7500) - (551.1500, 438.8500) on Layer M3
violation type: Short
	srcs: net:u_riscv_top/ALU/alu/_2191_ net:u_riscv_top/ALU/alu/_2270_
	bbox = (656.6500, 411.9500) - (656.7500, 412.0500) on Layer M3
violation type: Short
	srcs: net:i_decode[24] net:u_riscv_top/ALU/alu/_2272_
	bbox = (657.6500, 415.7500) - (657.7500, 415.8500) on Layer M3
violation type: Short
	srcs: net:u_riscv_top/FP_Adder/_1985_ net:u_riscv_top/FP_Adder/sum_reg[15]
	bbox = (409.2500, 425.1500) - (409.3500, 425.2500) on Layer M4
violation type: Short
	srcs: net:u_riscv_top/FP_Adder/fracA[5] net:u_riscv_top/register_file/net2380
	bbox = (416.2500, 422.3500) - (416.3500, 422.4500) on Layer M4
violation type: Short
	srcs: net:u_riscv_top/register_file/_06212_ net:u_riscv_top/register_file/_10508_
	bbox = (432.6500, 98.1500) - (432.7500, 98.2500) on Layer M4
violation type: Short
	srcs: net:u_data_mem/_35531_ net:u_data_mem/_35552_
	bbox = (441.2500, 907.7500) - (441.3500, 907.8500) on Layer M4
violation type: Short
	srcs: net:u_data_mem/_35531_ net:u_data_mem/_35552_
	bbox = (441.2500, 907.7500) - (441.3500, 908.4900) on Layer M4
violation type: Short
	srcs: net:u_riscv_top/register_file/_07868_ net:clknet_8_7_0_clk
	bbox = (462.0495, 118.1100) - (462.0505, 118.2900) on Layer M4
violation type: Short
	srcs: net:u_riscv_top/register_file/_07868_ net:clknet_8_7_0_clk
	bbox = (462.0495, 118.1500) - (462.0505, 118.2500) on Layer M4
violation type: Short
	srcs: net:u_riscv_top/register_file/_06189_ net:u_riscv_top/register_file/_07868_
	bbox = (462.2500, 118.9500) - (462.3500, 119.0500) on Layer M4
violation type: Short
	srcs: net:u_riscv_top/register_file/_06213_ net:u_riscv_top/register_file/_10611_
	bbox = (484.8500, 254.3500) - (484.9500, 254.4500) on Layer M4
violation type: Short
	srcs: net:u_data_mem/_35543_ net:u_data_mem/_38058_
	bbox = (533.4500, 720.5500) - (533.5500, 720.6500) on Layer M4
violation type: Short
	srcs: net:u_riscv_top/muxB2[19] net:u_riscv_top/z[18]
	bbox = (562.6500, 426.3500) - (562.7500, 426.4500) on Layer M4
violation type: Short
	srcs: net:rst net:u_riscv_top/h2[14]
	bbox = (563.6500, 427.1500) - (563.7500, 427.2500) on Layer M4
violation type: Short
	srcs: net:u_riscv_top/h1[10] net:u_riscv_top/h2[10]
	bbox = (659.2500, 406.5500) - (659.3500, 406.6500) on Layer M4
violation type: Short
	srcs: net:u_riscv_top/register_file/_07236_ net:clknet_8_7_0_clk
	bbox = (462.0700, 118.1500) - (462.0900, 118.2500) on Layer M5
violation type: Recheck
	srcs: net:u_data_mem/_35601_
	bbox = (431.0500, 629.9500) - (432.1500, 630.0500) on Layer M3
violation type: Recheck
	srcs: net:u_data_mem/_35601_
	bbox = (431.4500, 629.9500) - (431.5500, 630.2500) on Layer M3
violation type: Recheck
	srcs: net:u_data_mem/_35601_
	bbox = (431.4500, 630.1500) - (432.1500, 630.2500) on Layer M3
violation type: Recheck
	srcs: net:u_data_mem/_35601_
	bbox = (432.0500, 629.9500) - (432.1500, 630.2500) on Layer M3
violation type: Min Hole
	srcs: net:u_data_mem/_35601_
	bbox = (431.5500, 630.0500) - (432.0500, 630.1500) on Layer M3
violation type: Cut Short
	srcs: net:u_riscv_top/register_file/_07868_ net:clknet_8_7_0_clk
	bbox = (462.0500, 118.1500) - (462.0500, 118.2500) on Layer VIA3
