Startpoint: u_rst_sync_core_soc/_0_
            (rising edge-triggered flip-flop clocked by clk)
Endpoint: u_apb_cdc_gpio/_407_ (removal check against rising-edge clock clk)
Path Group: asynchronous
Path Type: min
Corner: bc

    Cap    Slew   Delay    Time   Description
-----------------------------------------------------------------------
                   0.00    0.00   clock clk (rise edge)
                   0.20    0.20   clock network delay (propagated)
           0.04    0.00    0.20 ^ u_rst_sync_core_soc/_0_/CP (DFCNQD1HVT)
   0.49    2.39    1.32    1.52 ^ u_rst_sync_core_soc/_0_/Q (DFCNQD1HVT)
           2.39    0.00    1.52 ^ u_apb_cdc_gpio/_407_/CDN (DFCNQD1HVT)
                           1.52   data arrival time

                   0.00    0.00   clock clk (rise edge)
                   0.24    0.24   clock network delay (propagated)
                   0.10    0.34   clock uncertainty
                   0.00    0.34   clock reconvergence pessimism
                           0.34 ^ u_apb_cdc_gpio/_407_/CP (DFCNQD1HVT)
                   0.41    0.75   library removal time
                           0.75   data required time
-----------------------------------------------------------------------
                           0.75   data required time
                          -1.52   data arrival time
-----------------------------------------------------------------------
                           0.77   slack (MET)


Startpoint: u_riscv_top/CSR_Register/_3105_
            (rising edge-triggered flip-flop clocked by clk)
Endpoint: u_riscv_top/pipeline_reg1/_2114_
          (rising edge-triggered flip-flop clocked by clk)
Path Group: clk
Path Type: min
Corner: bc

    Cap    Slew   Delay    Time   Description
-----------------------------------------------------------------------
                   0.00    0.00   clock clk (rise edge)
                   0.19    0.19   clock network delay (propagated)
           0.03    0.00    0.19 ^ u_riscv_top/CSR_Register/_3105_/CP (DFQD1HVT)
   0.00    0.01    0.07    0.26 v u_riscv_top/CSR_Register/_3105_/Q (DFQD1HVT)
           0.01    0.00    0.26 v u_riscv_top/CSR_Register/_2285_/B2 (AOI222D0HVT)
   0.00    0.05    0.04    0.30 ^ u_riscv_top/CSR_Register/_2285_/ZN (AOI222D0HVT)
           0.05    0.00    0.30 ^ u_riscv_top/CSR_Register/_2286_/A2 (AOI21D0HVT)
   0.00    0.03    0.02    0.32 v u_riscv_top/CSR_Register/_2286_/ZN (AOI21D0HVT)
           0.03    0.00    0.32 v u_riscv_top/pipeline_reg1/_1499_/I1 (MUX2ND0HVT)
   0.00    0.03    0.02    0.35 ^ u_riscv_top/pipeline_reg1/_1499_/ZN (MUX2ND0HVT)
           0.03    0.00    0.35 ^ u_riscv_top/pipeline_reg1/_1500_/A2 (NR2D0HVT)
   0.00    0.01    0.01    0.36 v u_riscv_top/pipeline_reg1/_1500_/ZN (NR2D0HVT)
           0.01    0.00    0.36 v u_riscv_top/pipeline_reg1/_2114_/D (DFQD1HVT)
                           0.36   data arrival time

                   0.00    0.00   clock clk (rise edge)
                   0.19    0.19   clock network delay (propagated)
                   0.10    0.29   clock uncertainty
                   0.00    0.29   clock reconvergence pessimism
                           0.29 ^ u_riscv_top/pipeline_reg1/_2114_/CP (DFQD1HVT)
                   0.02    0.31   library hold time
                           0.31   data required time
-----------------------------------------------------------------------
                           0.31   data required time
                          -0.36   data arrival time
-----------------------------------------------------------------------
                           0.05   slack (MET)


Startpoint: u_riscv_top/clk_div_fft/_20_
            (rising edge-triggered flip-flop clocked by clk_fft)
Endpoint: u_riscv_top/clk_div_fft/_18_
          (rising edge-triggered flip-flop clocked by clk_fft)
Path Group: clk_fft
Path Type: min
Corner: bc

    Cap    Slew   Delay    Time   Description
-----------------------------------------------------------------------
                   0.00    0.00   clock clk_fft (rise edge)
                   0.13    0.13   clock network delay (propagated)
           0.06    0.00    0.13 ^ u_riscv_top/clk_div_fft/_20_/CP (DFCNQD1HVT)
   0.00    0.01    0.08    0.21 v u_riscv_top/clk_div_fft/_20_/Q (DFCNQD1HVT)
           0.01    0.00    0.21 v u_riscv_top/clk_div_fft/_18_/D (DFCNQD1HVT)
                           0.21   data arrival time

                   0.00    0.00   clock clk_fft (rise edge)
                   0.13    0.13   clock network delay (propagated)
                   0.10    0.23   clock uncertainty
                   0.00    0.23   clock reconvergence pessimism
                           0.23 ^ u_riscv_top/clk_div_fft/_18_/CP (DFCNQD1HVT)
                   0.02    0.26   library hold time
                           0.26   data required time
-----------------------------------------------------------------------
                           0.26   data required time
                          -0.21   data arrival time
-----------------------------------------------------------------------
                          -0.04   slack (VIOLATED)


Startpoint: u_riscv_top/clk_fp_divider/_26_
            (rising edge-triggered flip-flop clocked by clk_fp)
Endpoint: u_riscv_top/clk_fp_divider/_27_
          (rising edge-triggered flip-flop clocked by clk_fp)
Path Group: clk_fp
Path Type: min
Corner: bc

    Cap    Slew   Delay    Time   Description
-----------------------------------------------------------------------
                   0.00    0.00   clock clk_fp (rise edge)
                   0.04    0.04   clock network delay (propagated)
           0.01    0.00    0.04 ^ u_riscv_top/clk_fp_divider/_26_/CP (DFCNQD1HVT)
   0.00    0.01    0.07    0.11 v u_riscv_top/clk_fp_divider/_26_/Q (DFCNQD1HVT)
           0.01    0.00    0.11 v u_riscv_top/clk_fp_divider/_27_/D (DFCNQD1HVT)
                           0.11   data arrival time

                   0.00    0.00   clock clk_fp (rise edge)
                   0.04    0.04   clock network delay (propagated)
                   0.10    0.14   clock uncertainty
                   0.00    0.14   clock reconvergence pessimism
                           0.14 ^ u_riscv_top/clk_fp_divider/_27_/CP (DFCNQD1HVT)
                   0.02    0.16   library hold time
                           0.16   data required time
-----------------------------------------------------------------------
                           0.16   data required time
                          -0.11   data arrival time
-----------------------------------------------------------------------
                          -0.04   slack (VIOLATED)


Startpoint: u_riscv_top/derive_clk_mu1_div/_46_
            (rising edge-triggered flip-flop clocked by clk_md)
Endpoint: u_riscv_top/derive_clk_mu1_div/_46_
          (rising edge-triggered flip-flop clocked by clk_md)
Path Group: clk_md
Path Type: min
Corner: bc

    Cap    Slew   Delay    Time   Description
-----------------------------------------------------------------------
                   0.00    0.00   clock clk_md (rise edge)
                   0.04    0.04   clock network delay (propagated)
           0.02    0.00    0.04 ^ u_riscv_top/derive_clk_mu1_div/_46_/CP (DFCNQD1HVT)
   0.00    0.02    0.07    0.11 ^ u_riscv_top/derive_clk_mu1_div/_46_/Q (DFCNQD1HVT)
           0.02    0.00    0.11 ^ u_riscv_top/derive_clk_mu1_div/_36_/A2 (NR2D0HVT)
   0.00    0.01    0.01    0.12 v u_riscv_top/derive_clk_mu1_div/_36_/ZN (NR2D0HVT)
           0.01    0.00    0.12 v u_riscv_top/derive_clk_mu1_div/_46_/D (DFCNQD1HVT)
                           0.12   data arrival time

                   0.00    0.00   clock clk_md (rise edge)
                   0.04    0.04   clock network delay (propagated)
                   0.10    0.14   clock uncertainty
                   0.00    0.14   clock reconvergence pessimism
                           0.14 ^ u_riscv_top/derive_clk_mu1_div/_46_/CP (DFCNQD1HVT)
                   0.02    0.16   library hold time
                           0.16   data required time
-----------------------------------------------------------------------
                           0.16   data required time
                          -0.12   data arrival time
-----------------------------------------------------------------------
                          -0.04   slack (VIOLATED)


Startpoint: u_derive_clk_spi/_20_
            (rising edge-triggered flip-flop clocked by clk_spi)
Endpoint: u_derive_clk_spi/_20_
          (rising edge-triggered flip-flop clocked by clk_spi)
Path Group: clk_spi
Path Type: min
Corner: bc

    Cap    Slew   Delay    Time   Description
-----------------------------------------------------------------------
                   0.00    0.00   clock clk_spi (rise edge)
                   0.04    0.04   clock network delay (propagated)
           0.01    0.00    0.04 ^ u_derive_clk_spi/_20_/CP (DFCNQD1HVT)
   0.00    0.02    0.07    0.11 ^ u_derive_clk_spi/_20_/Q (DFCNQD1HVT)
           0.02    0.00    0.11 ^ u_derive_clk_spi/_17_/A2 (NR2D0HVT)
   0.00    0.01    0.01    0.12 v u_derive_clk_spi/_17_/ZN (NR2D0HVT)
           0.01    0.00    0.12 v u_derive_clk_spi/_20_/D (DFCNQD1HVT)
                           0.12   data arrival time

                   0.00    0.00   clock clk_spi (rise edge)
                   0.04    0.04   clock network delay (propagated)
                   0.10    0.14   clock uncertainty
                   0.00    0.14   clock reconvergence pessimism
                           0.14 ^ u_derive_clk_spi/_20_/CP (DFCNQD1HVT)
                   0.02    0.16   library hold time
                           0.16   data required time
-----------------------------------------------------------------------
                           0.16   data required time
                          -0.12   data arrival time
-----------------------------------------------------------------------
                          -0.04   slack (VIOLATED)


